=== STAGE 0: enable network_turbo (academic/github/HF proxy) ===
设置成功
注意：仅限于学术用途和加速访问github/huggingface，不承诺稳定性保证
  proxy: http://10.37.1.23:12798
=== STAGE 1: create conda python-3.10 env (avoids uv's slow python download) ===
Collecting package metadata (current_repodata.json): ...working... done
Solving environment: ...working... done

## Package Plan ##

  environment location: /root/miniconda3/envs/lewm310

  added / updated specs:
    - python=3.10


The following packages will be downloaded:

    package                    |            build
    ---------------------------|-----------------
    _libgcc_mutex-0.1          |             main           3 KB  https://mirrors.tuna.tsinghua.edu.cn/anaconda/pkgs/main
    _openmp_mutex-5.1          |            1_gnu          21 KB  https://mirrors.tuna.tsinghua.edu.cn/anaconda/pkgs/main
    bzip2-1.0.8                |       h5eee18b_6         262 KB  https://mirrors.tuna.tsinghua.edu.cn/anaconda/pkgs/main
    ca-certificates-2026.3.19  |       h06a4308_0         126 KB  https://mirrors.tuna.tsinghua.edu.cn/anaconda/pkgs/main
    ld_impl_linux-64-2.44      |       h9e0c5a2_3         725 KB  https://mirrors.tuna.tsinghua.edu.cn/anaconda/pkgs/main
    libexpat-2.8.0             |       h7354ed3_0         123 KB  https://mirrors.tuna.tsinghua.edu.cn/anaconda/pkgs/main
    libffi-3.4.8               |       hc5d346e_2         136 KB  https://mirrors.tuna.tsinghua.edu.cn/anaconda/pkgs/main
    libgcc-15.2.0              |       h69a1729_7         806 KB  https://mirrors.tuna.tsinghua.edu.cn/anaconda/pkgs/main
    libgcc-ng-15.2.0           |       h166f726_7          28 KB  https://mirrors.tuna.tsinghua.edu.cn/anaconda/pkgs/main
    libgomp-15.2.0             |       h4751f2c_7         436 KB  https://mirrors.tuna.tsinghua.edu.cn/anaconda/pkgs/main
    libnsl-2.0.0               |       h5eee18b_0          31 KB  https://mirrors.tuna.tsinghua.edu.cn/anaconda/pkgs/main
    libstdcxx-15.2.0           |       h39759b7_7         3.7 MB  https://mirrors.tuna.tsinghua.edu.cn/anaconda/pkgs/main
    libuuid-1.41.5             |       h5eee18b_0          27 KB  https://mirrors.tuna.tsinghua.edu.cn/anaconda/pkgs/main
    libxcb-1.17.0              |       h9b100fa_0         430 KB  https://mirrors.tuna.tsinghua.edu.cn/anaconda/pkgs/main
    libzlib-1.3.1              |       h47b2149_1          59 KB  https://mirrors.tuna.tsinghua.edu.cn/anaconda/pkgs/main
    ncurses-6.5                |       h7934f7d_0         1.1 MB  https://mirrors.tuna.tsinghua.edu.cn/anaconda/pkgs/main
    openssl-3.5.6              |       h1b28b03_0         5.6 MB  https://mirrors.tuna.tsinghua.edu.cn/anaconda/pkgs/main
    packaging-26.0             |  py310h06a4308_0         165 KB  https://mirrors.tuna.tsinghua.edu.cn/anaconda/pkgs/main
    pip-26.0.1                 |     pyhc872135_1         1.1 MB  https://mirrors.tuna.tsinghua.edu.cn/anaconda/pkgs/main
    pthread-stubs-0.3          |       h0ce48e5_1           5 KB  https://mirrors.tuna.tsinghua.edu.cn/anaconda/pkgs/main
    python-3.10.20             |       h741d88c_0        24.1 MB  https://mirrors.tuna.tsinghua.edu.cn/anaconda/pkgs/main
    readline-8.3               |       hc2a1206_0         471 KB  https://mirrors.tuna.tsinghua.edu.cn/anaconda/pkgs/main
    setuptools-82.0.1          |  py310h06a4308_0         1.2 MB  https://mirrors.tuna.tsinghua.edu.cn/anaconda/pkgs/main
    sqlite-3.51.2              |       h3e8d24a_0         1.2 MB  https://mirrors.tuna.tsinghua.edu.cn/anaconda/pkgs/main
    tk-8.6.15                  |       h54e0aa7_0         3.4 MB  https://mirrors.tuna.tsinghua.edu.cn/anaconda/pkgs/main
    tzdata-2026a               |       he532380_0         117 KB  https://mirrors.tuna.tsinghua.edu.cn/anaconda/pkgs/main
    wheel-0.46.3               |  py310h06a4308_0          54 KB  https://mirrors.tuna.tsinghua.edu.cn/anaconda/pkgs/main
    xorg-libx11-1.8.12         |       h9b100fa_1         895 KB  https://mirrors.tuna.tsinghua.edu.cn/anaconda/pkgs/main
    xorg-libxau-1.0.12         |       h9b100fa_0          13 KB  https://mirrors.tuna.tsinghua.edu.cn/anaconda/pkgs/main
    xorg-libxdmcp-1.1.5        |       h9b100fa_0          19 KB  https://mirrors.tuna.tsinghua.edu.cn/anaconda/pkgs/main
    xorg-xorgproto-2024.1      |       h5eee18b_1         580 KB  https://mirrors.tuna.tsinghua.edu.cn/anaconda/pkgs/main
    xz-5.8.2                   |       h448239c_0         621 KB  https://mirrors.tuna.tsinghua.edu.cn/anaconda/pkgs/main
    zlib-1.3.1                 |       h47b2149_1          89 KB  https://mirrors.tuna.tsinghua.edu.cn/anaconda/pkgs/main
    ------------------------------------------------------------
                                           Total:        47.6 MB

The following NEW packages will be INSTALLED:

  _libgcc_mutex      anaconda/pkgs/main/linux-64::_libgcc_mutex-0.1-main
  _openmp_mutex      anaconda/pkgs/main/linux-64::_openmp_mutex-5.1-1_gnu
  bzip2              anaconda/pkgs/main/linux-64::bzip2-1.0.8-h5eee18b_6
  ca-certificates    anaconda/pkgs/main/linux-64::ca-certificates-2026.3.19-h06a4308_0
  ld_impl_linux-64   anaconda/pkgs/main/linux-64::ld_impl_linux-64-2.44-h9e0c5a2_3
  libexpat           anaconda/pkgs/main/linux-64::libexpat-2.8.0-h7354ed3_0
  libffi             anaconda/pkgs/main/linux-64::libffi-3.4.8-hc5d346e_2
  libgcc             anaconda/pkgs/main/linux-64::libgcc-15.2.0-h69a1729_7
  libgcc-ng          anaconda/pkgs/main/linux-64::libgcc-ng-15.2.0-h166f726_7
  libgomp            anaconda/pkgs/main/linux-64::libgomp-15.2.0-h4751f2c_7
  libnsl             anaconda/pkgs/main/linux-64::libnsl-2.0.0-h5eee18b_0
  libstdcxx          anaconda/pkgs/main/linux-64::libstdcxx-15.2.0-h39759b7_7
  libuuid            anaconda/pkgs/main/linux-64::libuuid-1.41.5-h5eee18b_0
  libxcb             anaconda/pkgs/main/linux-64::libxcb-1.17.0-h9b100fa_0
  libzlib            anaconda/pkgs/main/linux-64::libzlib-1.3.1-h47b2149_1
  ncurses            anaconda/pkgs/main/linux-64::ncurses-6.5-h7934f7d_0
  openssl            anaconda/pkgs/main/linux-64::openssl-3.5.6-h1b28b03_0
  packaging          anaconda/pkgs/main/linux-64::packaging-26.0-py310h06a4308_0
  pip                anaconda/pkgs/main/noarch::pip-26.0.1-pyhc872135_1
  pthread-stubs      anaconda/pkgs/main/linux-64::pthread-stubs-0.3-h0ce48e5_1
  python             anaconda/pkgs/main/linux-64::python-3.10.20-h741d88c_0
  readline           anaconda/pkgs/main/linux-64::readline-8.3-hc2a1206_0
  setuptools         anaconda/pkgs/main/linux-64::setuptools-82.0.1-py310h06a4308_0
  sqlite             anaconda/pkgs/main/linux-64::sqlite-3.51.2-h3e8d24a_0
  tk                 anaconda/pkgs/main/linux-64::tk-8.6.15-h54e0aa7_0
  tzdata             anaconda/pkgs/main/noarch::tzdata-2026a-he532380_0
  wheel              anaconda/pkgs/main/linux-64::wheel-0.46.3-py310h06a4308_0
  xorg-libx11        anaconda/pkgs/main/linux-64::xorg-libx11-1.8.12-h9b100fa_1
  xorg-libxau        anaconda/pkgs/main/linux-64::xorg-libxau-1.0.12-h9b100fa_0
  xorg-libxdmcp      anaconda/pkgs/main/linux-64::xorg-libxdmcp-1.1.5-h9b100fa_0
  xorg-xorgproto     anaconda/pkgs/main/linux-64::xorg-xorgproto-2024.1-h5eee18b_1
  xz                 anaconda/pkgs/main/linux-64::xz-5.8.2-h448239c_0
  zlib               anaconda/pkgs/main/linux-64::zlib-1.3.1-h47b2149_1


Preparing transaction: ...working... done
Verifying transaction: ...working... done
Executing transaction: ...working... done
Python 3.10.20
=== STAGE 2: ensure /workspace/le-wm exists; clone done by deploy driver ===
/workspace/le-wm/callbacks.py
/workspace/le-wm/module.py
/workspace/le-wm/train.py
=== STAGE 3: install torch + deps into the conda env ===
WARNING: Running pip as the 'root' user can result in broken permissions and conflicting behaviour with the system package manager, possibly rendering your system unusable. It is recommended to use a virtual environment instead: https://pip.pypa.io/warnings/venv. Use the --root-user-action option if you know what you are doing and want to suppress this warning.
WARNING: typer 0.25.1 does not provide the extra 'all'
WARNING: Running pip as the 'root' user can result in broken permissions and conflicting behaviour with the system package manager, possibly rendering your system unusable. It is recommended to use a virtual environment instead: https://pip.pypa.io/warnings/venv. Use the --root-user-action option if you know what you are doing and want to suppress this warning.
WARNING: Running pip as the 'root' user can result in broken permissions and conflicting behaviour with the system package manager, possibly rendering your system unusable. It is recommended to use a virtual environment instead: https://pip.pypa.io/warnings/venv. Use the --root-user-action option if you know what you are doing and want to suppress this warning.
torch 2.6.0+cu124 cuda: True cudnn: 90501
=== STAGE 4: patch spt single-optimizer bug ===
remote_setup.sh: command substitution: line 36: syntax error near unexpected token `gave'
remote_setup.sh: command substitution: line 36: `self.optimizers() gave us {len(optimizers)} optimizers\")"'
Traceback (most recent call last):
  File "<stdin>", line 5, in <module>
NameError: name 'new' is not defined
