=== spectral_postprocess v5_baseline_40K_epoch_1_object.ckpt ===
00:28:00.790 | INFO    (1500, stable_pretraining.backbone.utils) | Created ViT-tiny from scratch with config: {'hidden_size': 192, 'num_hidden_layers': 12, 'num_attention_heads': 3, 'intermediate_size': 768, 'image_size': 224, 'patch_size': 14}
loading weights from /workspace/lewm_autodl_results_v5/v5_baseline_40K/v5_baseline_40K_weights.ckpt
00:28:01.860 | INFO    (1500, stable_pretraining) | Cached 'action' from '/workspace/stablewm_home/pusht_expert_train.h5'
00:28:02.292 | INFO    (1500, stable_pretraining) | Cached 'proprio' from '/workspace/stablewm_home/pusht_expert_train.h5'
00:28:02.822 | INFO    (1500, stable_pretraining) | Cached 'state' from '/workspace/stablewm_home/pusht_expert_train.h5'
/workspace/le-wm/.venv/lib/python3.10/site-packages/torch/autograd/graph.py:823: UserWarning: There is a performance drop because we have not yet implemented the batching rule for aten::_scaled_dot_product_efficient_attention_backward. Please file us an issue on GitHub so that we can prioritize its implementation. (Triggered internally at /pytorch/aten/src/ATen/functorch/BatchedFallback.cpp:81.)
  return Variable._execution_engine.run_backward(  # Calls into the C++ engine to run the backward pass
  sample 0: lam_max=1.4607  n_unstable=1  abscissa=1.4607
  sample 1: lam_max=1.4703  n_unstable=1  abscissa=1.4703
  sample 2: lam_max=1.8112  n_unstable=1  abscissa=1.8112
  sample 3: lam_max=1.7065  n_unstable=1  abscissa=1.7065
  sample 4: lam_max=1.9953  n_unstable=1  abscissa=1.9953
  sample 5: lam_max=2.2967  n_unstable=1  abscissa=2.2967
  collecting latents for TwoNN...
  TwoNN intrinsic_dim = 0.45  (N=2048, D=192)
  wrote spectral_eig + twonn_intrinsic_dim -> /workspace/lewm_autodl_results_v5/v5_baseline_40K/final_analyses.json
=== spectral_postprocess v5_uvlowr_40K_epoch_1_object.ckpt ===
00:28:20.287 | INFO    (1549, stable_pretraining.backbone.utils) | Created ViT-tiny from scratch with config: {'hidden_size': 192, 'num_hidden_layers': 12, 'num_attention_heads': 3, 'intermediate_size': 768, 'image_size': 224, 'patch_size': 14}
loading weights from /workspace/lewm_autodl_results_v5/v5_uvlowr_40K/v5_uvlowr_40K_weights.ckpt
00:28:20.937 | INFO    (1549, stable_pretraining) | Cached 'action' from '/workspace/stablewm_home/pusht_expert_train.h5'
00:28:20.993 | INFO    (1549, stable_pretraining) | Cached 'proprio' from '/workspace/stablewm_home/pusht_expert_train.h5'
00:28:21.077 | INFO    (1549, stable_pretraining) | Cached 'state' from '/workspace/stablewm_home/pusht_expert_train.h5'
/workspace/le-wm/.venv/lib/python3.10/site-packages/torch/autograd/graph.py:823: UserWarning: There is a performance drop because we have not yet implemented the batching rule for aten::_scaled_dot_product_efficient_attention_backward. Please file us an issue on GitHub so that we can prioritize its implementation. (Triggered internally at /pytorch/aten/src/ATen/functorch/BatchedFallback.cpp:81.)
  return Variable._execution_engine.run_backward(  # Calls into the C++ engine to run the backward pass
  sample 0: lam_max=1.2928  n_unstable=1  abscissa=1.2928
  sample 1: lam_max=1.2361  n_unstable=1  abscissa=1.2361
  sample 2: lam_max=1.3639  n_unstable=1  abscissa=1.3639
  sample 3: lam_max=1.3770  n_unstable=1  abscissa=1.3770
  sample 4: lam_max=1.4436  n_unstable=1  abscissa=1.4436
  sample 5: lam_max=1.7406  n_unstable=3  abscissa=1.7406
  collecting latents for TwoNN...
  TwoNN intrinsic_dim = 0.45  (N=2048, D=192)
  wrote spectral_eig + twonn_intrinsic_dim -> /workspace/lewm_autodl_results_v5/v5_uvlowr_40K/final_analyses.json
=== B4' done ===
